2025-11-24 22:40:52,123 - 18268 - browsergym.experiments.loop - INFO - Running experiment DemoAgentArgs_on_myBenchmark.175_23 in:
  results\2025-11-24_22-40-51_DemoAgentArgs_on_myBenchmark.175_23
2025-11-24 22:40:52,517 - 18268 - browsergym.experiments.loop - WARNING - Exception uncaught by agent or environment in task myBenchmark.175.
AssertionError:
Please setup the URLs to each site. Current: 
Reddit: 
Shopping: 
Shopping Admin: 
Gitlab: 
Wikipedia: 
Map: 
Homepage: 

Traceback (most recent call last):
  File "C:\Users\chenboyu\Desktop\Project\BrowserGym-main\browsergym\experiments\src\browsergym\experiments\loop.py", line 411, in run
    step_info.from_reset(
  File "C:\Users\chenboyu\Desktop\Project\BrowserGym-main\browsergym\experiments\src\browsergym\experiments\loop.py", line 216, in from_reset
    self.obs, env_info = env.reset(seed=seed)
  File "C:\Users\chenboyu\miniconda3\envs\myenv\lib\site-packages\gymnasium\wrappers\common.py", line 146, in reset
    return super().reset(seed=seed, options=options)
  File "C:\Users\chenboyu\miniconda3\envs\myenv\lib\site-packages\gymnasium\core.py", line 333, in reset
    return self.env.reset(seed=seed, options=options)
  File "C:\Users\chenboyu\miniconda3\envs\myenv\lib\site-packages\gymnasium\wrappers\common.py", line 400, in reset
    return super().reset(seed=seed, options=options)
  File "C:\Users\chenboyu\miniconda3\envs\myenv\lib\site-packages\gymnasium\core.py", line 333, in reset
    return self.env.reset(seed=seed, options=options)
  File "C:\Users\chenboyu\Desktop\Project\BrowserGym-main\browsergym\core\src\browsergym\core\env.py", line 234, in reset
    self.task = self.task_entrypoint(seed=seed, **self.task_kwargs)
  File "C:\Users\chenboyu\Desktop\Project\BrowserGym-main\browsergym\core\src\browsergym\core\registration.py", line 28, in __call__
    return self.func(*args, **kwargs)
  File "C:\Users\chenboyu\Desktop\Epoch_Drift_Benchmark\Epoch_Drift_Benchmark\task.py", line 64, in __init__
    self.webarena_instance = MyBenchmarkInstance()
  File "C:\Users\chenboyu\Desktop\Epoch_Drift_Benchmark\Epoch_Drift_Benchmark\instance.py", line 249, in __init__
    from webarena.browser_env.env_config import ACCOUNTS, HOMEPAGE
  File "C:\Users\chenboyu\miniconda3\envs\myenv\lib\site-packages\webarena\browser_env\env_config.py", line 12, in <module>
    assert (
AssertionError: Please setup the URLs to each site. Current: 
Reddit: 
Shopping: 
Shopping Admin: 
Gitlab: 
Wikipedia: 
Map: 
Homepage: 


2025-11-24 22:40:52,518 - 18268 - browsergym.experiments.loop - INFO - Saving summary info.
