2025-11-24 22:41:19,161 - 22228 - browsergym.experiments.loop - INFO - Running experiment DemoAgentArgs_on_myBenchmark.175_25 in:
  results\2025-11-24_22-41-18_DemoAgentArgs_on_myBenchmark.175_25
2025-11-24 22:41:22,516 - 22228 - browsergym.experiments.loop - WARNING - Exception uncaught by agent or environment in task myBenchmark.175.
ImportError:
attempted relative import with no known parent package
Traceback (most recent call last):
  File "C:\Users\chenboyu\Desktop\Project\BrowserGym-main\browsergym\experiments\src\browsergym\experiments\loop.py", line 411, in run
    step_info.from_reset(
  File "C:\Users\chenboyu\Desktop\Project\BrowserGym-main\browsergym\experiments\src\browsergym\experiments\loop.py", line 216, in from_reset
    self.obs, env_info = env.reset(seed=seed)
  File "C:\Users\chenboyu\miniconda3\envs\myenv\lib\site-packages\gymnasium\wrappers\common.py", line 146, in reset
    return super().reset(seed=seed, options=options)
  File "C:\Users\chenboyu\miniconda3\envs\myenv\lib\site-packages\gymnasium\core.py", line 333, in reset
    return self.env.reset(seed=seed, options=options)
  File "C:\Users\chenboyu\miniconda3\envs\myenv\lib\site-packages\gymnasium\wrappers\common.py", line 400, in reset
    return super().reset(seed=seed, options=options)
  File "C:\Users\chenboyu\miniconda3\envs\myenv\lib\site-packages\gymnasium\core.py", line 333, in reset
    return self.env.reset(seed=seed, options=options)
  File "C:\Users\chenboyu\Desktop\Project\BrowserGym-main\browsergym\core\src\browsergym\core\env.py", line 341, in reset
    task_goal, task_info = self.task.setup(page=self.page)
  File "C:\Users\chenboyu\Desktop\Epoch_Drift_Benchmark\Epoch_Drift_Benchmark\task.py", line 131, in setup
    from .evaluators import evaluator_router
ImportError: attempted relative import with no known parent package

2025-11-24 22:41:22,518 - 22228 - browsergym.experiments.loop - INFO - Saving summary info.
