2025-11-24 22:40:04,583 - 22080 - browsergym.experiments.loop - INFO - Running experiment DemoAgentArgs_on_myBenchmark.175_8 in:
  results\2025-11-24_22-40-04_DemoAgentArgs_on_myBenchmark.175_8
2025-11-24 22:40:04,719 - 22080 - browsergym.experiments.loop - WARNING - Exception uncaught by agent or environment in task myBenchmark.175.
AssertionError:
Environment variable WA_GITLAB_V1 missing.
Please set WA_GITLAB_V1 to the URL of the v1 version of GITLAB.
Traceback (most recent call last):
  File "C:\Users\chenboyu\Desktop\Project\BrowserGym-main\browsergym\experiments\src\browsergym\experiments\loop.py", line 411, in run
    step_info.from_reset(
  File "C:\Users\chenboyu\Desktop\Project\BrowserGym-main\browsergym\experiments\src\browsergym\experiments\loop.py", line 216, in from_reset
    self.obs, env_info = env.reset(seed=seed)
  File "C:\Users\chenboyu\miniconda3\envs\myenv\lib\site-packages\gymnasium\wrappers\common.py", line 146, in reset
    return super().reset(seed=seed, options=options)
  File "C:\Users\chenboyu\miniconda3\envs\myenv\lib\site-packages\gymnasium\core.py", line 333, in reset
    return self.env.reset(seed=seed, options=options)
  File "C:\Users\chenboyu\miniconda3\envs\myenv\lib\site-packages\gymnasium\wrappers\common.py", line 400, in reset
    return super().reset(seed=seed, options=options)
  File "C:\Users\chenboyu\miniconda3\envs\myenv\lib\site-packages\gymnasium\core.py", line 333, in reset
    return self.env.reset(seed=seed, options=options)
  File "C:\Users\chenboyu\Desktop\Project\BrowserGym-main\browsergym\core\src\browsergym\core\env.py", line 234, in reset
    self.task = self.task_entrypoint(seed=seed, **self.task_kwargs)
  File "C:\Users\chenboyu\Desktop\Project\BrowserGym-main\browsergym\core\src\browsergym\core\registration.py", line 28, in __call__
    return self.func(*args, **kwargs)
  File "C:\Users\chenboyu\Desktop\Epoch_Drift_Benchmark\Epoch_Drift_Benchmark\task.py", line 64, in __init__
    self.webarena_instance = MyBenchmarkInstance()
  File "C:\Users\chenboyu\Desktop\Epoch_Drift_Benchmark\Epoch_Drift_Benchmark\instance.py", line 240, in __init__
    assert env_var_name in os.environ, (
AssertionError: Environment variable WA_GITLAB_V1 missing.
Please set WA_GITLAB_V1 to the URL of the v1 version of GITLAB.

2025-11-24 22:40:04,720 - 22080 - browsergym.experiments.loop - INFO - Saving summary info.
